// Jest Snapshot v1, https://goo.gl/fbAQLP

exports[`Renders the carousel 1`] = `
<div>
  <div
    className="carousel carousel-slider"
    style={
      Object {
        "width": "100%",
      }
    }
  >
    <button
      className="control-arrow control-prev control-disabled"
      onClick={[Function]}
      type="button"
    />
    <div
      className="slider-wrapper axis-horizontal"
      style={Object {}}
    >
      <ul
        className="slider animated"
        onMouseDown={[Function]}
        onTouchEnd={[Function]}
        onTouchStart={[Function]}
        style={
          Object {
            "MozTransform": "translate3d(-100%,0,0)",
            "MozTransitionDuration": "1000ms",
            "MsTransform": "translate3d(-100%,0,0)",
            "MsTransitionDuration": "1000ms",
            "OTransform": "translate3d(-100%,0,0)",
            "OTransitionDuration": "1000ms",
            "WebkitTransform": "translate3d(-100%,0,0)",
            "WebkitTransitionDuration": "1000ms",
            "msTransform": "translate3d(-100%,0,0)",
            "msTransitionDuration": "1000ms",
            "transform": "translate3d(-100%,0,0)",
            "transitionDuration": "1000ms",
          }
        }
      >
        <li
          className="slide"
          onClick={[Function]}
        >
          <div>
            <img
              alt="Poules"
              src="images/car_cheese.jpg"
            />
            <p
              className="legend"
            >
              Legend 3
            </p>
          </div>
        </li>
        <li
          className="slide selected"
          onClick={[Function]}
        >
          <div>
            <img
              alt="Champ"
              src="images/car_insideTruck.jpg"
            />
            <p
              className="legend"
            >
              Legend 1
            </p>
          </div>
        </li>
        <li
          className="slide"
          onClick={[Function]}
        >
          <div>
            <img
              alt="Carottes"
              src="images/car_countrySide.jpg"
            />
            <p
              className="legend"
            >
              Legend 2
            </p>
          </div>
        </li>
        <li
          className="slide"
          onClick={[Function]}
        >
          <div>
            <img
              alt="Poules"
              src="images/car_cheese.jpg"
            />
            <p
              className="legend"
            >
              Legend 3
            </p>
          </div>
        </li>
        <li
          className="slide selected"
          onClick={[Function]}
        >
          <div>
            <img
              alt="Champ"
              src="images/car_insideTruck.jpg"
            />
            <p
              className="legend"
            >
              Legend 1
            </p>
          </div>
        </li>
      </ul>
    </div>
    <button
      className="control-arrow control-next control-disabled"
      onClick={[Function]}
      type="button"
    />
    <ul
      className="control-dots"
    >
      <li
        className="dot selected"
        onClick={[Function]}
        onKeyDown={[Function]}
        role="button"
        tabIndex={0}
        value={0}
      />
      <li
        className="dot"
        onClick={[Function]}
        onKeyDown={[Function]}
        role="button"
        tabIndex={0}
        value={1}
      />
      <li
        className="dot"
        onClick={[Function]}
        onKeyDown={[Function]}
        role="button"
        tabIndex={0}
        value={2}
      />
    </ul>
  </div>
</div>
`;
