// Jest Snapshot v1, https://goo.gl/fbAQLP

exports[`Renders the welcome page 1`] = `
<img
  alt="facebook-logo"
  className="InIcon-image-1"
  src="images/linkedin.png"
/>
`;
